// Jest Snapshot v1, https://goo.gl/fbAQLP

exports[`ColorTitle should render properly 1`] = `
"<div className=\\"div-color-title\\">
  red
</div>"
`;
